nohup: ignoring input
OMP: Info #212: KMP_AFFINITY: decoding x2APIC ids.
OMP: Info #210: KMP_AFFINITY: Affinity capable, using global cpuid leaf 11 info
OMP: Info #154: KMP_AFFINITY: Initial OS proc set respected: 0-63
OMP: Info #156: KMP_AFFINITY: 64 available OS procs
OMP: Info #157: KMP_AFFINITY: Uniform topology
OMP: Info #179: KMP_AFFINITY: 2 packages x 16 cores/pkg x 2 threads/core (32 total cores)
OMP: Info #214: KMP_AFFINITY: OS proc to physical thread map:
OMP: Info #171: KMP_AFFINITY: OS proc 0 maps to package 0 core 0 thread 0 
OMP: Info #171: KMP_AFFINITY: OS proc 32 maps to package 0 core 0 thread 1 
OMP: Info #171: KMP_AFFINITY: OS proc 1 maps to package 0 core 1 thread 0 
OMP: Info #171: KMP_AFFINITY: OS proc 33 maps to package 0 core 1 thread 1 
OMP: Info #171: KMP_AFFINITY: OS proc 2 maps to package 0 core 2 thread 0 
OMP: Info #171: KMP_AFFINITY: OS proc 34 maps to package 0 core 2 thread 1 
OMP: Info #171: KMP_AFFINITY: OS proc 3 maps to package 0 core 3 thread 0 
OMP: Info #171: KMP_AFFINITY: OS proc 35 maps to package 0 core 3 thread 1 
OMP: Info #171: KMP_AFFINITY: OS proc 4 maps to package 0 core 4 thread 0 
OMP: Info #171: KMP_AFFINITY: OS proc 36 maps to package 0 core 4 thread 1 
OMP: Info #171: KMP_AFFINITY: OS proc 5 maps to package 0 core 5 thread 0 
OMP: Info #171: KMP_AFFINITY: OS proc 37 maps to package 0 core 5 thread 1 
OMP: Info #171: KMP_AFFINITY: OS proc 6 maps to package 0 core 6 thread 0 
OMP: Info #171: KMP_AFFINITY: OS proc 38 maps to package 0 core 6 thread 1 
OMP: Info #171: KMP_AFFINITY: OS proc 7 maps to package 0 core 7 thread 0 
OMP: Info #171: KMP_AFFINITY: OS proc 39 maps to package 0 core 7 thread 1 
OMP: Info #171: KMP_AFFINITY: OS proc 8 maps to package 0 core 8 thread 0 
OMP: Info #171: KMP_AFFINITY: OS proc 40 maps to package 0 core 8 thread 1 
OMP: Info #171: KMP_AFFINITY: OS proc 9 maps to package 0 core 9 thread 0 
OMP: Info #171: KMP_AFFINITY: OS proc 41 maps to package 0 core 9 thread 1 
OMP: Info #171: KMP_AFFINITY: OS proc 10 maps to package 0 core 10 thread 0 
OMP: Info #171: KMP_AFFINITY: OS proc 42 maps to package 0 core 10 thread 1 
OMP: Info #171: KMP_AFFINITY: OS proc 11 maps to package 0 core 11 thread 0 
OMP: Info #171: KMP_AFFINITY: OS proc 43 maps to package 0 core 11 thread 1 
OMP: Info #171: KMP_AFFINITY: OS proc 12 maps to package 0 core 12 thread 0 
OMP: Info #171: KMP_AFFINITY: OS proc 44 maps to package 0 core 12 thread 1 
OMP: Info #171: KMP_AFFINITY: OS proc 13 maps to package 0 core 13 thread 0 
OMP: Info #171: KMP_AFFINITY: OS proc 45 maps to package 0 core 13 thread 1 
OMP: Info #171: KMP_AFFINITY: OS proc 14 maps to package 0 core 14 thread 0 
OMP: Info #171: KMP_AFFINITY: OS proc 46 maps to package 0 core 14 thread 1 
OMP: Info #171: KMP_AFFINITY: OS proc 15 maps to package 0 core 15 thread 0 
OMP: Info #171: KMP_AFFINITY: OS proc 47 maps to package 0 core 15 thread 1 
OMP: Info #171: KMP_AFFINITY: OS proc 16 maps to package 1 core 0 thread 0 
OMP: Info #171: KMP_AFFINITY: OS proc 48 maps to package 1 core 0 thread 1 
OMP: Info #171: KMP_AFFINITY: OS proc 17 maps to package 1 core 1 thread 0 
OMP: Info #171: KMP_AFFINITY: OS proc 49 maps to package 1 core 1 thread 1 
OMP: Info #171: KMP_AFFINITY: OS proc 18 maps to package 1 core 2 thread 0 
OMP: Info #171: KMP_AFFINITY: OS proc 50 maps to package 1 core 2 thread 1 
OMP: Info #171: KMP_AFFINITY: OS proc 19 maps to package 1 core 3 thread 0 
OMP: Info #171: KMP_AFFINITY: OS proc 51 maps to package 1 core 3 thread 1 
OMP: Info #171: KMP_AFFINITY: OS proc 20 maps to package 1 core 4 thread 0 
OMP: Info #171: KMP_AFFINITY: OS proc 52 maps to package 1 core 4 thread 1 
OMP: Info #171: KMP_AFFINITY: OS proc 21 maps to package 1 core 5 thread 0 
OMP: Info #171: KMP_AFFINITY: OS proc 53 maps to package 1 core 5 thread 1 
OMP: Info #171: KMP_AFFINITY: OS proc 22 maps to package 1 core 6 thread 0 
OMP: Info #171: KMP_AFFINITY: OS proc 54 maps to package 1 core 6 thread 1 
OMP: Info #171: KMP_AFFINITY: OS proc 23 maps to package 1 core 7 thread 0 
OMP: Info #171: KMP_AFFINITY: OS proc 55 maps to package 1 core 7 thread 1 
OMP: Info #171: KMP_AFFINITY: OS proc 24 maps to package 1 core 8 thread 0 
OMP: Info #171: KMP_AFFINITY: OS proc 56 maps to package 1 core 8 thread 1 
OMP: Info #171: KMP_AFFINITY: OS proc 25 maps to package 1 core 9 thread 0 
OMP: Info #171: KMP_AFFINITY: OS proc 57 maps to package 1 core 9 thread 1 
OMP: Info #171: KMP_AFFINITY: OS proc 26 maps to package 1 core 10 thread 0 
OMP: Info #171: KMP_AFFINITY: OS proc 58 maps to package 1 core 10 thread 1 
OMP: Info #171: KMP_AFFINITY: OS proc 27 maps to package 1 core 11 thread 0 
OMP: Info #171: KMP_AFFINITY: OS proc 59 maps to package 1 core 11 thread 1 
OMP: Info #171: KMP_AFFINITY: OS proc 28 maps to package 1 core 12 thread 0 
OMP: Info #171: KMP_AFFINITY: OS proc 60 maps to package 1 core 12 thread 1 
OMP: Info #171: KMP_AFFINITY: OS proc 29 maps to package 1 core 13 thread 0 
OMP: Info #171: KMP_AFFINITY: OS proc 61 maps to package 1 core 13 thread 1 
OMP: Info #171: KMP_AFFINITY: OS proc 30 maps to package 1 core 14 thread 0 
OMP: Info #171: KMP_AFFINITY: OS proc 62 maps to package 1 core 14 thread 1 
OMP: Info #171: KMP_AFFINITY: OS proc 31 maps to package 1 core 15 thread 0 
OMP: Info #171: KMP_AFFINITY: OS proc 63 maps to package 1 core 15 thread 1 
OMP: Info #250: KMP_AFFINITY: pid 165486 tid 165486 thread 0 bound to OS proc set 0
2020-07-26 00:50:51.009146: I tensorflow/core/platform/cpu_feature_guard.cc:145] This TensorFlow binary is optimized with Intel(R) MKL-DNN to use the following CPU instructions in performance critical operations:  SSE4.1 SSE4.2 AVX AVX2 AVX512F FMA
To enable them in non-MKL-DNN operations, rebuild TensorFlow with the appropriate compiler flags.
2020-07-26 00:50:51.019850: I tensorflow/core/platform/profile_utils/cpu_utils.cc:94] CPU Frequency: 2300000000 Hz
2020-07-26 00:50:51.020017: I tensorflow/compiler/xla/service/service.cc:168] XLA service 0x561fc6bc1a60 executing computations on platform Host. Devices:
2020-07-26 00:50:51.020043: I tensorflow/compiler/xla/service/service.cc:175]   StreamExecutor device (0): <undefined>, <undefined>
2020-07-26 00:50:51.020232: I tensorflow/core/common_runtime/process_util.cc:115] Creating new thread pool with default inter op setting: 2. Tune using inter_op_parallelism_threads for best performance.
2020-07-26 00:50:51.074743: W tensorflow/compiler/jit/mark_for_compilation_pass.cc:1412] (One-time warning): Not using XLA:CPU for cluster because envvar TF_XLA_FLAGS=--tf_xla_cpu_global_jit was not set.  If you want XLA:CPU, either set that envvar, or use experimental_jit_scope to enable XLA:CPU.  To confirm that XLA is active, pass --vmodule=xla_compilation_cache=1 (as a proper command-line flag, not via TF_XLA_FLAGS) or set the envvar XLA_FLAGS=--xla_hlo_profile.
Using TensorFlow backend.
WARNING:tensorflow:From /home/crduan/miniconda/envs/mols_py36/lib/python3.6/site-packages/tensorflow/python/ops/nn_impl.py:180: add_dispatch_support.<locals>.wrapper (from tensorflow.python.ops.array_ops) is deprecated and will be removed in a future version.
Instructions for updating:
Use tf.where in 2.0, which has the same broadcast rule as np.where
WARNING:tensorflow:From /home/crduan/miniconda/envs/mols_py36/lib/python3.6/site-packages/keras/backend/tensorflow_backend.py:422: The name tf.global_variables is deprecated. Please use tf.compat.v1.global_variables instead.

OMP: Info #250: KMP_AFFINITY: pid 165486 tid 165601 thread 1 bound to OS proc set 1
OMP: Info #250: KMP_AFFINITY: pid 165486 tid 165721 thread 2 bound to OS proc set 2
OMP: Info #250: KMP_AFFINITY: pid 165486 tid 165722 thread 3 bound to OS proc set 3
OMP: Info #250: KMP_AFFINITY: pid 165486 tid 165723 thread 4 bound to OS proc set 4
OMP: Info #250: KMP_AFFINITY: pid 165486 tid 165724 thread 5 bound to OS proc set 5
OMP: Info #250: KMP_AFFINITY: pid 165486 tid 165728 thread 9 bound to OS proc set 9
OMP: Info #250: KMP_AFFINITY: pid 165486 tid 165725 thread 6 bound to OS proc set 6
OMP: Info #250: KMP_AFFINITY: pid 165486 tid 165726 thread 7 bound to OS proc set 7
OMP: Info #250: KMP_AFFINITY: pid 165486 tid 165727 thread 8 bound to OS proc set 8
OMP: Info #250: KMP_AFFINITY: pid 165486 tid 165730 thread 10 bound to OS proc set 10
OMP: Info #250: KMP_AFFINITY: pid 165486 tid 165733 thread 12 bound to OS proc set 12
OMP: Info #250: KMP_AFFINITY: pid 165486 tid 165732 thread 11 bound to OS proc set 11
OMP: Info #250: KMP_AFFINITY: pid 165486 tid 165734 thread 13 bound to OS proc set 13
OMP: Info #250: KMP_AFFINITY: pid 165486 tid 165735 thread 14 bound to OS proc set 14
OMP: Info #250: KMP_AFFINITY: pid 165486 tid 165736 thread 15 bound to OS proc set 15
OMP: Info #250: KMP_AFFINITY: pid 165486 tid 165737 thread 16 bound to OS proc set 16
OMP: Info #250: KMP_AFFINITY: pid 165486 tid 165738 thread 17 bound to OS proc set 17
OMP: Info #250: KMP_AFFINITY: pid 165486 tid 165739 thread 18 bound to OS proc set 18
OMP: Info #250: KMP_AFFINITY: pid 165486 tid 165740 thread 19 bound to OS proc set 19
OMP: Info #250: KMP_AFFINITY: pid 165486 tid 165741 thread 20 bound to OS proc set 20
OMP: Info #250: KMP_AFFINITY: pid 165486 tid 165742 thread 21 bound to OS proc set 21
OMP: Info #250: KMP_AFFINITY: pid 165486 tid 165744 thread 23 bound to OS proc set 23
OMP: Info #250: KMP_AFFINITY: pid 165486 tid 165743 thread 22 bound to OS proc set 22
OMP: Info #250: KMP_AFFINITY: pid 165486 tid 165745 thread 24 bound to OS proc set 24
OMP: Info #250: KMP_AFFINITY: pid 165486 tid 165746 thread 25 bound to OS proc set 25
OMP: Info #250: KMP_AFFINITY: pid 165486 tid 165747 thread 26 bound to OS proc set 26
OMP: Info #250: KMP_AFFINITY: pid 165486 tid 165748 thread 27 bound to OS proc set 27
OMP: Info #250: KMP_AFFINITY: pid 165486 tid 165749 thread 28 bound to OS proc set 28
OMP: Info #250: KMP_AFFINITY: pid 165486 tid 165751 thread 30 bound to OS proc set 30
OMP: Info #250: KMP_AFFINITY: pid 165486 tid 165750 thread 29 bound to OS proc set 29
OMP: Info #250: KMP_AFFINITY: pid 165486 tid 165752 thread 31 bound to OS proc set 31
OMP: Info #250: KMP_AFFINITY: pid 165486 tid 165753 thread 32 bound to OS proc set 32
OMP: Info #250: KMP_AFFINITY: pid 165486 tid 165754 thread 33 bound to OS proc set 33
OMP: Info #250: KMP_AFFINITY: pid 165486 tid 165755 thread 34 bound to OS proc set 34
OMP: Info #250: KMP_AFFINITY: pid 165486 tid 165756 thread 35 bound to OS proc set 35
OMP: Info #250: KMP_AFFINITY: pid 165486 tid 165757 thread 36 bound to OS proc set 36
OMP: Info #250: KMP_AFFINITY: pid 165486 tid 165758 thread 37 bound to OS proc set 37
OMP: Info #250: KMP_AFFINITY: pid 165486 tid 165759 thread 38 bound to OS proc set 38
OMP: Info #250: KMP_AFFINITY: pid 165486 tid 165760 thread 39 bound to OS proc set 39
OMP: Info #250: KMP_AFFINITY: pid 165486 tid 165761 thread 40 bound to OS proc set 40
OMP: Info #250: KMP_AFFINITY: pid 165486 tid 165762 thread 41 bound to OS proc set 41
OMP: Info #250: KMP_AFFINITY: pid 165486 tid 165763 thread 42 bound to OS proc set 42
OMP: Info #250: KMP_AFFINITY: pid 165486 tid 165764 thread 43 bound to OS proc set 43
OMP: Info #250: KMP_AFFINITY: pid 165486 tid 165766 thread 45 bound to OS proc set 45
OMP: Info #250: KMP_AFFINITY: pid 165486 tid 165765 thread 44 bound to OS proc set 44
OMP: Info #250: KMP_AFFINITY: pid 165486 tid 165767 thread 46 bound to OS proc set 46
OMP: Info #250: KMP_AFFINITY: pid 165486 tid 165768 thread 47 bound to OS proc set 47
OMP: Info #250: KMP_AFFINITY: pid 165486 tid 165769 thread 48 bound to OS proc set 48
OMP: Info #250: KMP_AFFINITY: pid 165486 tid 165770 thread 49 bound to OS proc set 49
OMP: Info #250: KMP_AFFINITY: pid 165486 tid 165771 thread 50 bound to OS proc set 50
OMP: Info #250: KMP_AFFINITY: pid 165486 tid 165772 thread 51 bound to OS proc set 51
OMP: Info #250: KMP_AFFINITY: pid 165486 tid 165773 thread 52 bound to OS proc set 52
OMP: Info #250: KMP_AFFINITY: pid 165486 tid 165774 thread 53 bound to OS proc set 53
OMP: Info #250: KMP_AFFINITY: pid 165486 tid 165775 thread 54 bound to OS proc set 54
OMP: Info #250: KMP_AFFINITY: pid 165486 tid 165776 thread 55 bound to OS proc set 55
OMP: Info #250: KMP_AFFINITY: pid 165486 tid 165777 thread 56 bound to OS proc set 56
OMP: Info #250: KMP_AFFINITY: pid 165486 tid 165778 thread 57 bound to OS proc set 57
OMP: Info #250: KMP_AFFINITY: pid 165486 tid 165779 thread 58 bound to OS proc set 58
OMP: Info #250: KMP_AFFINITY: pid 165486 tid 165780 thread 59 bound to OS proc set 59
OMP: Info #250: KMP_AFFINITY: pid 165486 tid 165781 thread 60 bound to OS proc set 60
OMP: Info #250: KMP_AFFINITY: pid 165486 tid 165782 thread 61 bound to OS proc set 61
OMP: Info #250: KMP_AFFINITY: pid 165486 tid 165784 thread 63 bound to OS proc set 63
OMP: Info #250: KMP_AFFINITY: pid 165486 tid 165783 thread 62 bound to OS proc set 62
OMP: Info #250: KMP_AFFINITY: pid 165486 tid 165785 thread 64 bound to OS proc set 0
OMP: Info #250: KMP_AFFINITY: pid 165486 tid 165602 thread 65 bound to OS proc set 1
OMP: Info #250: KMP_AFFINITY: pid 165486 tid 166375 thread 66 bound to OS proc set 2
OMP: Info #250: KMP_AFFINITY: pid 165486 tid 166376 thread 67 bound to OS proc set 3
OMP: Info #250: KMP_AFFINITY: pid 165486 tid 166379 thread 70 bound to OS proc set 6
OMP: Info #250: KMP_AFFINITY: pid 165486 tid 166378 thread 69 bound to OS proc set 5
OMP: Info #250: KMP_AFFINITY: pid 165486 tid 166377 thread 68 bound to OS proc set 4
OMP: Info #250: KMP_AFFINITY: pid 165486 tid 166380 thread 71 bound to OS proc set 7
OMP: Info #250: KMP_AFFINITY: pid 165486 tid 166381 thread 72 bound to OS proc set 8
OMP: Info #250: KMP_AFFINITY: pid 165486 tid 166382 thread 73 bound to OS proc set 9
OMP: Info #250: KMP_AFFINITY: pid 165486 tid 166383 thread 74 bound to OS proc set 10
OMP: Info #250: KMP_AFFINITY: pid 165486 tid 166384 thread 75 bound to OS proc set 11
OMP: Info #250: KMP_AFFINITY: pid 165486 tid 166385 thread 76 bound to OS proc set 12
OMP: Info #250: KMP_AFFINITY: pid 165486 tid 166386 thread 77 bound to OS proc set 13
OMP: Info #250: KMP_AFFINITY: pid 165486 tid 166387 thread 78 bound to OS proc set 14
OMP: Info #250: KMP_AFFINITY: pid 165486 tid 166388 thread 79 bound to OS proc set 15
OMP: Info #250: KMP_AFFINITY: pid 165486 tid 166389 thread 80 bound to OS proc set 16
OMP: Info #250: KMP_AFFINITY: pid 165486 tid 166390 thread 81 bound to OS proc set 17
OMP: Info #250: KMP_AFFINITY: pid 165486 tid 166391 thread 82 bound to OS proc set 18
OMP: Info #250: KMP_AFFINITY: pid 165486 tid 166392 thread 83 bound to OS proc set 19
OMP: Info #250: KMP_AFFINITY: pid 165486 tid 166393 thread 84 bound to OS proc set 20
OMP: Info #250: KMP_AFFINITY: pid 165486 tid 166394 thread 85 bound to OS proc set 21
OMP: Info #250: KMP_AFFINITY: pid 165486 tid 166395 thread 86 bound to OS proc set 22
OMP: Info #250: KMP_AFFINITY: pid 165486 tid 166396 thread 87 bound to OS proc set 23
OMP: Info #250: KMP_AFFINITY: pid 165486 tid 166397 thread 88 bound to OS proc set 24
OMP: Info #250: KMP_AFFINITY: pid 165486 tid 166398 thread 89 bound to OS proc set 25
OMP: Info #250: KMP_AFFINITY: pid 165486 tid 166400 thread 91 bound to OS proc set 27
OMP: Info #250: KMP_AFFINITY: pid 165486 tid 166399 thread 90 bound to OS proc set 26
OMP: Info #250: KMP_AFFINITY: pid 165486 tid 166401 thread 92 bound to OS proc set 28
OMP: Info #250: KMP_AFFINITY: pid 165486 tid 166402 thread 93 bound to OS proc set 29
OMP: Info #250: KMP_AFFINITY: pid 165486 tid 166403 thread 94 bound to OS proc set 30
OMP: Info #250: KMP_AFFINITY: pid 165486 tid 166404 thread 95 bound to OS proc set 31
OMP: Info #250: KMP_AFFINITY: pid 165486 tid 166406 thread 97 bound to OS proc set 33
OMP: Info #250: KMP_AFFINITY: pid 165486 tid 166405 thread 96 bound to OS proc set 32
OMP: Info #250: KMP_AFFINITY: pid 165486 tid 166407 thread 98 bound to OS proc set 34
OMP: Info #250: KMP_AFFINITY: pid 165486 tid 166408 thread 99 bound to OS proc set 35
OMP: Info #250: KMP_AFFINITY: pid 165486 tid 166411 thread 101 bound to OS proc set 37
OMP: Info #250: KMP_AFFINITY: pid 165486 tid 166410 thread 100 bound to OS proc set 36
OMP: Info #250: KMP_AFFINITY: pid 165486 tid 166412 thread 102 bound to OS proc set 38
OMP: Info #250: KMP_AFFINITY: pid 165486 tid 166413 thread 103 bound to OS proc set 39
OMP: Info #250: KMP_AFFINITY: pid 165486 tid 166414 thread 104 bound to OS proc set 40
OMP: Info #250: KMP_AFFINITY: pid 165486 tid 166415 thread 105 bound to OS proc set 41
OMP: Info #250: KMP_AFFINITY: pid 165486 tid 166416 thread 106 bound to OS proc set 42
OMP: Info #250: KMP_AFFINITY: pid 165486 tid 166417 thread 107 bound to OS proc set 43
OMP: Info #250: KMP_AFFINITY: pid 165486 tid 166419 thread 109 bound to OS proc set 45
OMP: Info #250: KMP_AFFINITY: pid 165486 tid 166418 thread 108 bound to OS proc set 44
OMP: Info #250: KMP_AFFINITY: pid 165486 tid 166420 thread 110 bound to OS proc set 46
OMP: Info #250: KMP_AFFINITY: pid 165486 tid 166421 thread 111 bound to OS proc set 47
OMP: Info #250: KMP_AFFINITY: pid 165486 tid 166422 thread 112 bound to OS proc set 48
OMP: Info #250: KMP_AFFINITY: pid 165486 tid 166423 thread 113 bound to OS proc set 49
OMP: Info #250: KMP_AFFINITY: pid 165486 tid 166425 thread 115 bound to OS proc set 51
OMP: Info #250: KMP_AFFINITY: pid 165486 tid 166424 thread 114 bound to OS proc set 50
OMP: Info #250: KMP_AFFINITY: pid 165486 tid 166426 thread 116 bound to OS proc set 52
OMP: Info #250: KMP_AFFINITY: pid 165486 tid 166427 thread 117 bound to OS proc set 53
OMP: Info #250: KMP_AFFINITY: pid 165486 tid 166428 thread 118 bound to OS proc set 54
OMP: Info #250: KMP_AFFINITY: pid 165486 tid 166429 thread 119 bound to OS proc set 55
OMP: Info #250: KMP_AFFINITY: pid 165486 tid 166430 thread 120 bound to OS proc set 56
OMP: Info #250: KMP_AFFINITY: pid 165486 tid 166431 thread 121 bound to OS proc set 57
OMP: Info #250: KMP_AFFINITY: pid 165486 tid 166432 thread 122 bound to OS proc set 58
OMP: Info #250: KMP_AFFINITY: pid 165486 tid 166433 thread 123 bound to OS proc set 59
OMP: Info #250: KMP_AFFINITY: pid 165486 tid 166434 thread 124 bound to OS proc set 60
OMP: Info #250: KMP_AFFINITY: pid 165486 tid 166435 thread 125 bound to OS proc set 61
OMP: Info #250: KMP_AFFINITY: pid 165486 tid 166437 thread 127 bound to OS proc set 63
OMP: Info #250: KMP_AFFINITY: pid 165486 tid 166436 thread 126 bound to OS proc set 62
OMP: Info #250: KMP_AFFINITY: pid 165486 tid 166438 thread 128 bound to OS proc set 0
/bin/sh: line 0: kill: False: arguments must be process or job IDs
pid:  False
molscontrol configure file:  configure.json
ax_con:  [[40], [54]]
eq_con:  [[2, 13, 6, 10]]
